---
source: src/test.rs
expression: rs
---
pub struct ARows {
    pub pi: f64,
}
pub async fn a(
    c: &impl tokio_postgres::GenericClient,
) -> Result<Vec<ARows>, tokio_postgres::Error> {
    c.query("SELECT pi()", &[])
        .await
        .map(|rs| { rs.into_iter().map(|r| ARows { pi: r.get(0) }).collect() })
}
